<html>
<body>
<pre>
<h1>µVision Build Log</h1>
<h2>Project:</h2>
C:\Users\10050\Desktop\XGZP6847A_DATAREAD\XGZP6847A_DATAREAD\MDK-ARM\XGZP6847A_DATAREAD.uvprojx
Project File Date:  04/12/2022

<h2>Output:</h2>
Build target 'XGZP6847A_DATAREAD'
compiling main.c...
linking...
Program Size: Code=10016 RO-data=360 RW-data=20 ZI-data=1244  
FromELF: creating hex file...
"XGZP6847A_DATAREAD\XGZP6847A_DATAREAD.axf" - 0 Error(s), 0 Warning(s).

<h2>Software Packages used:</h2>

Package Vendor: ARM
                http://www.keil.com/pack/ARM.CMSIS.4.1.0.pack
                ARM::CMSIS:CORE:3.30.0
                CMSIS (Cortex Microcontroller Software Interface Standard)
   * Component: CORE Version: 3.30.0

<h2>Collection of Component include folders:</h2>
  C:\Users\10050\Desktop\XGZP6847A_DATAREAD\XGZP6847A_DATAREAD\MDK-ARM\RTE
  G:\APPs\Keil_v5\ARM\PACK\ARM\CMSIS\4.1.0\CMSIS\Include
  G:\APPs\Keil_v5\ARM\PACK\Keil\STM32F1xx_DFP\1.0.5\Device\Include

<h2>Collection of Component Files used:</h2>

   * Component: ARM::CMSIS:CORE:3.30.0
      Source file:   CMSIS\UserCodeTemplates\ARM\ITM_Retarget.c
 creating hex file...
"XGZP6847A_DATAREAD\XGZP6847A_DATAREAD.axf" - 0 Error(s), 0 Warning(s).

<h2>Software Packages used:</h2>

Package Vendor: ARM
                http://www.keil.com/pack/ARM.CMSIS.4.1.0.pack
                ARM::CMSIS:CORE:3.30.0
                CMSIS (Cortex Microcontroller Software Interface Standard)
   * Component: CORE Version: 3.30.0

<h2>Collection of Component include folders:</h2>
  C:\Users\10050\Desktop\XGZP6847A_DATAREAD\XGZP6847A_DATAREAD\MDK-ARM\RTE
  G:\APPs\Keil_v5\ARM\PACK\ARM\CMSIS\4.1.0\CMSIS\Include
  G:\APPs\Keil_v5\ARM\PACK\Keil\STM32F1xx_DFP\1.0.5\Device\Include

<h2>Collection of Component Files used:</h2>

   * Component: ARM::CMSIS:CORE:3.30.0
      Source file:   CMSIS\UserCodeTemplates\ARM\ITM_Retarget.c
